[2026-02-07 14:25:22] local.ERROR: Uncaught RuntimeException: Translation file [D:\irhebo\gigat-dashboard\resources\lang/en.json] contains an invalid JSON structure. in D:\irhebo\gigat-dashboard\vendor\laravel\framework\src\Illuminate\Translation\FileLoader.php:153
Stack trace:
#0 D:\irhebo\gigat-dashboard\vendor\laravel\framework\src\Illuminate\Collections\Traits\EnumeratesValues.php(820): Illuminate\Translation\FileLoader->Illuminate\Translation\{closure}(Array, 'D:\\irhebo\\gigat...', 1)
#1 D:\irhebo\gigat-dashboard\vendor\laravel\framework\src\Illuminate\Translation\FileLoader.php(148): Illuminate\Support\Collection->reduce(Object(Closure), Array)
#2 D:\irhebo\gigat-dashboard\vendor\laravel\framework\src\Illuminate\Translation\FileLoader.php(65): Illuminate\Translation\FileLoader->loadJsonPaths('en')
#3 D:\irhebo\gigat-dashboard\vendor\laravel\framework\src\Illuminate\Translation\Translator.php(335): Illuminate\Translation\FileLoader->load('en', '*', '*')
#4 D:\irhebo\gigat-dashboard\vendor\laravel\framework\src\Illuminate\Translation\Translator.php(157): Illuminate\Translation\Translator->load('*', '*', 'en')
#5 D:\irhebo\gigat-dashboard\vendor\laravel\framework\src\Illuminate\Foundation\helpers.php(965): Illuminate\Translation\Translator->get('auth', Array, 'en')
#6 D:\irhebo\gigat-dashboard\vendor\laravel\framework\src\Illuminate\Foundation\helpers.php(1000): trans('auth', Array, NULL)
#7 Command line code(1): __('auth')
#8 {main}
  thrown {"exception":"[object] (Symfony\\Component\\ErrorHandler\\Error\\FatalError(code: 0): Uncaught RuntimeException: Translation file [D:\\irhebo\\gigat-dashboard\\resources\\lang/en.json] contains an invalid JSON structure. in D:\\irhebo\\gigat-dashboard\\vendor\\laravel\\framework\\src\\Illuminate\\Translation\\FileLoader.php:153
Stack trace:
#0 D:\\irhebo\\gigat-dashboard\\vendor\\laravel\\framework\\src\\Illuminate\\Collections\\Traits\\EnumeratesValues.php(820): Illuminate\\Translation\\FileLoader->Illuminate\\Translation\\{closure}(Array, 'D:\\\\irhebo\\\\gigat...', 1)
#1 D:\\irhebo\\gigat-dashboard\\vendor\\laravel\\framework\\src\\Illuminate\\Translation\\FileLoader.php(148): Illuminate\\Support\\Collection->reduce(Object(Closure), Array)
#2 D:\\irhebo\\gigat-dashboard\\vendor\\laravel\\framework\\src\\Illuminate\\Translation\\FileLoader.php(65): Illuminate\\Translation\\FileLoader->loadJsonPaths('en')
#3 D:\\irhebo\\gigat-dashboard\\vendor\\laravel\\framework\\src\\Illuminate\\Translation\\Translator.php(335): Illuminate\\Translation\\FileLoader->load('en', '*', '*')
#4 D:\\irhebo\\gigat-dashboard\\vendor\\laravel\\framework\\src\\Illuminate\\Translation\\Translator.php(157): Illuminate\\Translation\\Translator->load('*', '*', 'en')
#5 D:\\irhebo\\gigat-dashboard\\vendor\\laravel\\framework\\src\\Illuminate\\Foundation\\helpers.php(965): Illuminate\\Translation\\Translator->get('auth', Array, 'en')
#6 D:\\irhebo\\gigat-dashboard\\vendor\\laravel\\framework\\src\\Illuminate\\Foundation\\helpers.php(1000): trans('auth', Array, NULL)
#7 Command line code(1): __('auth')
#8 {main}
  thrown at D:\\irhebo\\gigat-dashboard\\vendor\\laravel\\framework\\src\\Illuminate\\Translation\\FileLoader.php:153)
[stacktrace]
#0 {main}
"} 
[2026-02-07 14:52:07] local.ERROR: The resource owner or authorization server denied the request. {"exception":"[object] (League\\OAuth2\\Server\\Exception\\OAuthServerException(code: 9): The resource owner or authorization server denied the request. at D:\\irhebo\\gigat-dashboard\\vendor\\league\\oauth2-server\\src\\Exception\\OAuthServerException.php:243)
[stacktrace]
#0 D:\\irhebo\\gigat-dashboard\\vendor\\league\\oauth2-server\\src\\AuthorizationValidators\\BearerTokenValidator.php(123): League\\OAuth2\\Server\\Exception\\OAuthServerException::accessDenied('Access token ha...')
#1 D:\\irhebo\\gigat-dashboard\\vendor\\league\\oauth2-server\\src\\ResourceServer.php(84): League\\OAuth2\\Server\\AuthorizationValidators\\BearerTokenValidator->validateAuthorization(Object(Nyholm\\Psr7\\ServerRequest))
#2 D:\\irhebo\\gigat-dashboard\\vendor\\laravel\\passport\\src\\Guards\\TokenGuard.php(232): League\\OAuth2\\Server\\ResourceServer->validateAuthenticatedRequest(Object(Nyholm\\Psr7\\ServerRequest))
#3 D:\\irhebo\\gigat-dashboard\\vendor\\laravel\\passport\\src\\Guards\\TokenGuard.php(178): Laravel\\Passport\\Guards\\TokenGuard->getPsrRequestViaBearerToken(Object(Illuminate\\Http\\Request))
#4 D:\\irhebo\\gigat-dashboard\\vendor\\laravel\\passport\\src\\Guards\\TokenGuard.php(120): Laravel\\Passport\\Guards\\TokenGuard->authenticateViaBearerToken(Object(Illuminate\\Http\\Request))
#5 D:\\irhebo\\gigat-dashboard\\vendor\\laravel\\framework\\src\\Illuminate\\Auth\\GuardHelpers.php(56): Laravel\\Passport\\Guards\\TokenGuard->user()
#6 D:\\irhebo\\gigat-dashboard\\vendor\\laravel\\framework\\src\\Illuminate\\Auth\\Middleware\\Authenticate.php(83): Laravel\\Passport\\Guards\\TokenGuard->check()
#7 D:\\irhebo\\gigat-dashboard\\vendor\\laravel\\framework\\src\\Illuminate\\Auth\\Middleware\\Authenticate.php(62): Illuminate\\Auth\\Middleware\\Authenticate->authenticate(Object(Illuminate\\Http\\Request), Array)
#8 D:\\irhebo\\gigat-dashboard\\vendor\\laravel\\framework\\src\\Illuminate\\Pipeline\\Pipeline.php(183): Illuminate\\Auth\\Middleware\\Authenticate->handle(Object(Illuminate\\Http\\Request), Object(Closure), 'api')
#9 D:\\irhebo\\gigat-dashboard\\vendor\\laravel\\framework\\src\\Illuminate\\Pipeline\\Pipeline.php(119): Illuminate\\Pipeline\\Pipeline->Illuminate\\Pipeline\\{closure}(Object(Illuminate\\Http\\Request))
#10 D:\\irhebo\\gigat-dashboard\\vendor\\laravel\\framework\\src\\Illuminate\\Routing\\Router.php(807): Illuminate\\Pipeline\\Pipeline->then(Object(Closure))
#11 D:\\irhebo\\gigat-dashboard\\vendor\\laravel\\framework\\src\\Illuminate\\Routing\\Router.php(786): Illuminate\\Routing\\Router->runRouteWithinStack(Object(Illuminate\\Routing\\Route), Object(Illuminate\\Http\\Request))
#12 D:\\irhebo\\gigat-dashboard\\vendor\\laravel\\framework\\src\\Illuminate\\Routing\\Router.php(750): Illuminate\\Routing\\Router->runRoute(Object(Illuminate\\Http\\Request), Object(Illuminate\\Routing\\Route))
#13 D:\\irhebo\\gigat-dashboard\\vendor\\laravel\\framework\\src\\Illuminate\\Routing\\Router.php(739): Illuminate\\Routing\\Router->dispatchToRoute(Object(Illuminate\\Http\\Request))
#14 D:\\irhebo\\gigat-dashboard\\vendor\\laravel\\framework\\src\\Illuminate\\Foundation\\Http\\Kernel.php(201): Illuminate\\Routing\\Router->dispatch(Object(Illuminate\\Http\\Request))
#15 D:\\irhebo\\gigat-dashboard\\vendor\\laravel\\framework\\src\\Illuminate\\Pipeline\\Pipeline.php(144): Illuminate\\Foundation\\Http\\Kernel->Illuminate\\Foundation\\Http\\{closure}(Object(Illuminate\\Http\\Request))
#16 D:\\irhebo\\gigat-dashboard\\vendor\\proengsoft\\laravel-jsvalidation\\src\\RemoteValidationMiddleware.php(61): Illuminate\\Pipeline\\Pipeline->Illuminate\\Pipeline\\{closure}(Object(Illuminate\\Http\\Request))
#17 D:\\irhebo\\gigat-dashboard\\vendor\\laravel\\framework\\src\\Illuminate\\Pipeline\\Pipeline.php(183): Proengsoft\\JsValidation\\RemoteValidationMiddleware->handle(Object(Illuminate\\Http\\Request), Object(Closure))
#18 D:\\irhebo\\gigat-dashboard\\vendor\\laravel\\framework\\src\\Illuminate\\Foundation\\Http\\Middleware\\TransformsRequest.php(21): Illuminate\\Pipeline\\Pipeline->Illuminate\\Pipeline\\{closure}(Object(Illuminate\\Http\\Request))
#19 D:\\irhebo\\gigat-dashboard\\vendor\\laravel\\framework\\src\\Illuminate\\Foundation\\Http\\Middleware\\ConvertEmptyStringsToNull.php(31): Illuminate\\Foundation\\Http\\Middleware\\TransformsRequest->handle(Object(Illuminate\\Http\\Request), Object(Closure))
#20 D:\\irhebo\\gigat-dashboard\\vendor\\laravel\\framework\\src\\Illuminate\\Pipeline\\Pipeline.php(183): Illuminate\\Foundation\\Http\\Middleware\\ConvertEmptyStringsToNull->handle(Object(Illuminate\\Http\\Request), Object(Closure))
#21 D:\\irhebo\\gigat-dashboard\\vendor\\laravel\\framework\\src\\Illuminate\\Foundation\\Http\\Middleware\\TransformsRequest.php(21): Illuminate\\Pipeline\\Pipeline->Illuminate\\Pipeline\\{closure}(Object(Illuminate\\Http\\Request))
#22 D:\\irhebo\\gigat-dashboard\\vendor\\laravel\\framework\\src\\Illuminate\\Foundation\\Http\\Middleware\\TrimStrings.php(51): Illuminate\\Foundation\\Http\\Middleware\\TransformsRequest->handle(Object(Illuminate\\Http\\Request), Object(Closure))
#23 D:\\irhebo\\gigat-dashboard\\vendor\\laravel\\framework\\src\\Illuminate\\Pipeline\\Pipeline.php(183): Illuminate\\Foundation\\Http\\Middleware\\TrimStrings->handle(Object(Illuminate\\Http\\Request), Object(Closure))
#24 D:\\irhebo\\gigat-dashboard\\vendor\\laravel\\framework\\src\\Illuminate\\Http\\Middleware\\ValidatePostSize.php(27): Illuminate\\Pipeline\\Pipeline->Illuminate\\Pipeline\\{closure}(Object(Illuminate\\Http\\Request))
#25 D:\\irhebo\\gigat-dashboard\\vendor\\laravel\\framework\\src\\Illuminate\\Pipeline\\Pipeline.php(183): Illuminate\\Http\\Middleware\\ValidatePostSize->handle(Object(Illuminate\\Http\\Request), Object(Closure))
#26 D:\\irhebo\\gigat-dashboard\\vendor\\laravel\\framework\\src\\Illuminate\\Foundation\\Http\\Middleware\\PreventRequestsDuringMaintenance.php(110): Illuminate\\Pipeline\\Pipeline->Illuminate\\Pipeline\\{closure}(Object(Illuminate\\Http\\Request))
#27 D:\\irhebo\\gigat-dashboard\\vendor\\laravel\\framework\\src\\Illuminate\\Pipeline\\Pipeline.php(183): Illuminate\\Foundation\\Http\\Middleware\\PreventRequestsDuringMaintenance->handle(Object(Illuminate\\Http\\Request), Object(Closure))
#28 D:\\irhebo\\gigat-dashboard\\vendor\\laravel\\framework\\src\\Illuminate\\Http\\Middleware\\HandleCors.php(62): Illuminate\\Pipeline\\Pipeline->Illuminate\\Pipeline\\{closure}(Object(Illuminate\\Http\\Request))
#29 D:\\irhebo\\gigat-dashboard\\vendor\\laravel\\framework\\src\\Illuminate\\Pipeline\\Pipeline.php(183): Illuminate\\Http\\Middleware\\HandleCors->handle(Object(Illuminate\\Http\\Request), Object(Closure))
#30 D:\\irhebo\\gigat-dashboard\\vendor\\laravel\\framework\\src\\Illuminate\\Http\\Middleware\\TrustProxies.php(58): Illuminate\\Pipeline\\Pipeline->Illuminate\\Pipeline\\{closure}(Object(Illuminate\\Http\\Request))
#31 D:\\irhebo\\gigat-dashboard\\vendor\\laravel\\framework\\src\\Illuminate\\Pipeline\\Pipeline.php(183): Illuminate\\Http\\Middleware\\TrustProxies->handle(Object(Illuminate\\Http\\Request), Object(Closure))
#32 D:\\irhebo\\gigat-dashboard\\vendor\\laravel\\framework\\src\\Illuminate\\Foundation\\Http\\Middleware\\InvokeDeferredCallbacks.php(22): Illuminate\\Pipeline\\Pipeline->Illuminate\\Pipeline\\{closure}(Object(Illuminate\\Http\\Request))
#33 D:\\irhebo\\gigat-dashboard\\vendor\\laravel\\framework\\src\\Illuminate\\Pipeline\\Pipeline.php(183): Illuminate\\Foundation\\Http\\Middleware\\InvokeDeferredCallbacks->handle(Object(Illuminate\\Http\\Request), Object(Closure))
#34 D:\\irhebo\\gigat-dashboard\\vendor\\laravel\\framework\\src\\Illuminate\\Pipeline\\Pipeline.php(119): Illuminate\\Pipeline\\Pipeline->Illuminate\\Pipeline\\{closure}(Object(Illuminate\\Http\\Request))
#35 D:\\irhebo\\gigat-dashboard\\vendor\\laravel\\framework\\src\\Illuminate\\Foundation\\Http\\Kernel.php(176): Illuminate\\Pipeline\\Pipeline->then(Object(Closure))
#36 D:\\irhebo\\gigat-dashboard\\vendor\\laravel\\framework\\src\\Illuminate\\Foundation\\Http\\Kernel.php(145): Illuminate\\Foundation\\Http\\Kernel->sendRequestThroughRouter(Object(Illuminate\\Http\\Request))
#37 D:\\irhebo\\gigat-dashboard\\vendor\\laravel\\framework\\src\\Illuminate\\Foundation\\Application.php(1190): Illuminate\\Foundation\\Http\\Kernel->handle(Object(Illuminate\\Http\\Request))
#38 D:\\irhebo\\gigat-dashboard\\public\\index.php(17): Illuminate\\Foundation\\Application->handleRequest(Object(Illuminate\\Http\\Request))
#39 D:\\irhebo\\gigat-dashboard\\vendor\\laravel\\framework\\src\\Illuminate\\Foundation\\resources\\server.php(23): require_once('D:\\\\irhebo\\\\gigat...')
#40 {main}
"} 
